// Jest Snapshot v1, https://goo.gl/fbAQLP

exports[`TopicFilter component should match the snapshot 1`] = `
<div
  className="searchFieldWrapper"
>
  <div
    className="field"
  >
    <WithStyles(ForwardRef(TextField))
      fullWidth={true}
      label="courses:findTopic"
      onChange={[Function]}
      value="val"
    />
  </div>
</div>
`;
