// Jest Snapshot v1, https://goo.gl/fbAQLP

exports[`MyCoursesHeader component should match the snapshot 1`] = `
<div
  className="myCoursesHeader"
>
  <div
    className="myCoursesHeaderLeftWrapper"
  >
    <Memo([object Object]) />
    <span>
      Lorem ipsum dolor sit amet.
    </span>
  </div>
  <CourseFilter
    onSearchInputChange={[MockFunction]}
    searchValue="string"
  />
</div>
`;
