// Jest Snapshot v1, https://goo.gl/fbAQLP

exports[`GroupInfo component should match the snapshot 1`] = `
<div
  className="groupInfoContainer"
>
  <div>
    <div
      className="header"
    >
      name
    </div>
    <div
      className="subheader"
    >
      1
       
      myGroup:members
       / 
      1
       
      myGroup:online
    </div>
  </div>
  <div
    className="chevron"
  >
    <WithStyles(ForwardRef(IconButton))
      onClick={[Function]}
    >
      <Memo([object Object]) />
    </WithStyles(ForwardRef(IconButton))>
  </div>
</div>
`;
