// Jest Snapshot v1, https://goo.gl/fbAQLP

exports[`HomeContent component should match the snapshot 1`] = `
<div
  className="makeStyles-root-1"
>
  <WithStyles(ForwardRef(Grid))
    className="makeStyles-grid-2"
    container={true}
    spacing={5}
  >
    <WithStyles(ForwardRef(Grid))
      item={true}
      lg={6}
      md={12}
      sm={12}
      xs={12}
    >
      <ScheduleCard />
    </WithStyles(ForwardRef(Grid))>
    <WithStyles(ForwardRef(Grid))
      item={true}
      lg={6}
      md={12}
      sm={12}
      xs={12}
    >
      <NewsCard
        news={
          Array [
            Object {
              "date": 2000-11-22T00:00:00.000Z,
              "description": "Lorem ipsum dolor sit, amet consectetur adipisicing elit. Dignissimos nihil, commodi alias at debitis in.",
              "id": "1",
              "title": "News 1",
            },
            Object {
              "date": 2000-11-22T00:00:00.000Z,
              "description": "Lorem ipsum dolor sit amet, consectetur adipisicing elit. Officiis numquam nobis, nihil quis error repudiandae.",
              "id": "2",
              "title": "News 2",
            },
          ]
        }
        title="home:groupNewsTitle"
      />
      <div
        className="cardNewsMargin"
      >
        <NewsCard
          news={
            Array [
              Object {
                "date": 2000-11-22T00:00:00.000Z,
                "description": "Lorem ipsum dolor sit, amet consectetur adipisicing elit. Dignissimos nihil, commodi alias at debitis in.",
                "id": "1",
                "title": "News 1",
              },
              Object {
                "date": 2000-11-22T00:00:00.000Z,
                "description": "Lorem ipsum dolor sit amet, consectetur adipisicing elit. Officiis numquam nobis, nihil quis error repudiandae.",
                "id": "2",
                "title": "News 2",
              },
            ]
          }
          title="home:unversityNewsTitle"
        />
      </div>
    </WithStyles(ForwardRef(Grid))>
  </WithStyles(ForwardRef(Grid))>
</div>
`;
