// Jest Snapshot v1, https://goo.gl/fbAQLP

exports[`LessonRow component should match the snapshot 1`] = `
<div>
  <div
    className="lessonRowContainer"
  >
    <div
      className="lessonRowTime"
    >
      8:00
    </div>
    <div
      className="lessonRowTitle"
    >
      Lorem ipsum dolor sit amet.
    </div>
    <span
      className="lessonRowStatusShape"
    />
  </div>
  <div
    className="lessonRowTopic"
  >
    home:scheduleCard.topic
    : 
    Topic 1
  </div>
</div>
`;
