// Jest Snapshot v1, https://goo.gl/fbAQLP

exports[`NewsCard component should match the snapshot 1`] = `
<WithStyles(ForwardRef(Card))
  variant="outlined"
>
  <WithStyles(ForwardRef(CardHeader))
    className="cardTitle"
    title="Title"
  />
  <WithStyles(ForwardRef(CardContent))>
    <div
      key="News 1"
    >
      <NewsRow
        news={
          Object {
            "date": 2000-11-22T00:00:00.000Z,
            "description": "Lorem ipsum dolor sit, amet consectetur adipisicing elit. Dignissimos nihil, commodi alias at debitis in.",
            "id": "1",
            "title": "News 1",
          }
        }
      />
      <div
        className="cardNewsDivider"
      >
        <WithStyles(ForwardRef(Divider)) />
      </div>
    </div>
    <div
      key="News 2"
    >
      <NewsRow
        news={
          Object {
            "date": 2000-11-22T00:00:00.000Z,
            "description": "Lorem ipsum dolor sit amet, consectetur adipisicing elit. Officiis numquam nobis, nihil quis error repudiandae.",
            "id": "2",
            "title": "News 2",
          }
        }
      />
    </div>
  </WithStyles(ForwardRef(CardContent))>
</WithStyles(ForwardRef(Card))>
`;
