// Jest Snapshot v1, https://goo.gl/fbAQLP

exports[`ScheduleCard component should match the snapshot 1`] = `
<div
  className="scheduleContainer"
>
  <div
    className="scheduleHeader"
  >
    <div
      className="scheduleDate"
    >
      <div
        className="scheduleDateNumber"
      >
        22
      </div>
      <div
        className="scheduleDateMonth"
      >
        Nov
      </div>
    </div>
    <div
      className="scheduleHeaderText"
    >
      <div>
        home:scheduleCard.welcomeBack
        , Nicolay.
      </div>
      <div>
        home:scheduleCard.todayYouHave
         4 
        home:scheduleCard.lessons
        .
      </div>
    </div>
  </div>
  <div
    className="scheduleContent"
  >
    <div
      className="scheduleContentHeader"
    >
      home:scheduleCard.scheduleForThisDay
      :
    </div>
    <div
      className="scheduleContentLessonRow"
      key="22"
    >
      <LessonRow
        lesson={
          Object {
            "end": 2000-11-22T08:30:00.000Z,
            "id": "22",
            "start": 2000-11-22T08:00:00.000Z,
            "status": "ended",
            "time": "8:00",
            "title": "Lorem ipsum dolor sit amet.",
            "topic": "Topic 1",
          }
        }
      />
      <div
        className="scheduleContentVerticalLine"
      />
    </div>
    <div
      className="scheduleContentLessonRow"
      key="2"
    >
      <LessonRow
        lesson={
          Object {
            "end": 2000-11-22T12:00:00.000Z,
            "id": "2",
            "start": 2000-11-22T11:00:00.000Z,
            "status": "ongoing",
            "time": "9:30",
            "title": "Lesson 2",
            "topic": "Lorem ipsum dolor sit amet.",
          }
        }
      />
      <div
        className="scheduleContentVerticalLine scheduleContentVerticalLineNotEnded"
      />
    </div>
    <div
      className="scheduleContentLessonRow"
      key="3"
    >
      <LessonRow
        lesson={
          Object {
            "end": 2000-11-22T13:30:00.000Z,
            "id": "3",
            "start": 2000-11-22T12:30:00.000Z,
            "status": "notStarted",
            "time": "11:00",
            "title": "Lesson 3",
            "topic": "Topic 3",
          }
        }
      />
      <div
        className="scheduleContentVerticalLine scheduleContentVerticalLineNotEnded"
      />
    </div>
    <div
      className="scheduleContentLessonRow"
      key="4"
    >
      <LessonRow
        lesson={
          Object {
            "end": 2000-11-22T15:30:00.000Z,
            "id": "4",
            "start": 2000-11-22T14:00:00.000Z,
            "status": "notStarted",
            "time": "13:00",
            "title": "Lesson 4",
            "topic": "Topic 4",
          }
        }
      />
    </div>
  </div>
</div>
`;
