// Jest Snapshot v1, https://goo.gl/fbAQLP

exports[`PasswordChangeDialog component should match the snapshot 1`] = `
<WithStyles(ForwardRef(Dialog))
  onClose={[Function]}
  open={true}
>
  <WithStyles(ForwardRef(DialogTitle))>
    account:passwordChangeDialogTitle
  </WithStyles(ForwardRef(DialogTitle))>
  <WithStyles(ForwardRef(DialogContent))>
    <WithStyles(ForwardRef(DialogContentText))>
      account:passwordChangeDialogDescription
    </WithStyles(ForwardRef(DialogContentText))>
    <WithStyles(ForwardRef(TextField))
      fullWidth={true}
      inputProps={
        Object {
          "data-testid": "old-pass-field",
        }
      }
      label="account:oldPassword"
      onChange={[Function]}
      type="password"
      value=""
      variant="outlined"
    />
    <div
      className="field"
    >
      <WithStyles(ForwardRef(TextField))
        fullWidth={true}
        inputProps={
          Object {
            "data-testid": "new-pass-field",
          }
        }
        label="account:newPassword"
        onChange={[Function]}
        type="password"
        value=""
        variant="outlined"
      />
    </div>
    <div
      className="field"
    >
      <WithStyles(ForwardRef(TextField))
        fullWidth={true}
        inputProps={
          Object {
            "data-testid": "repeat-pass-field",
          }
        }
        label="account:repeatNewPassword"
        onChange={[Function]}
        type="password"
        value=""
        variant="outlined"
      />
    </div>
  </WithStyles(ForwardRef(DialogContent))>
  <WithStyles(ForwardRef(DialogActions))>
    <WithStyles(ForwardRef(Button))
      color="primary"
      onClick={[Function]}
    >
      account:cancelButtonLabel
    </WithStyles(ForwardRef(Button))>
    <WithStyles(ForwardRef(Button))
      color="primary"
      data-testid="submit-btn"
      disabled={true}
      onClick={[Function]}
    >
      account:submitButtonLabel
    </WithStyles(ForwardRef(Button))>
  </WithStyles(ForwardRef(DialogActions))>
</WithStyles(ForwardRef(Dialog))>
`;
