// Jest Snapshot v1, https://goo.gl/fbAQLP

exports[`QuestionNotFound component should match the snapshot 1`] = `
<ContextProvider
  value={
    Object {
      "closeSnackbar": [Function],
      "enqueueSnackbar": [Function],
    }
  }
>
  <QuestionNotFound
    searchInputValue="val"
  />
</ContextProvider>
`;
